
damian palumbo@DESKTOP-PNDLSLO MINGW64 ~
$ git config
usage: git config [<options>]

Config file location
    --global              use global config file
    --system              use system config file
    --local               use repository config file
    -f, --file <file>     use given config file
    --blob <blob-id>      read config from given blob object

Action
    --get                 get value: name [value-regex]
    --get-all             get all values: key [value-regex]
    --get-regexp          get values for regexp: name-regex [value-regex]
    --get-urlmatch        get value specific for the URL: section[.var] URL
    --replace-all         replace all matching variables: name value [value_regex]
    --add                 add a new variable: name value
    --unset               remove a variable: name [value-regex]
    --unset-all           remove all matches: name [value-regex]
    --rename-section      rename section: old-name new-name
    --remove-section      remove a section: name
    -l, --list            list all
    -e, --edit            open an editor
    --get-color           find the color configured: slot [default]
    --get-colorbool       find the color setting: slot [stdout-is-tty]

Type
    --bool                value is "true" or "false"
    --int                 value is decimal number
    --bool-or-int         value is --bool or --int
    --path                value is a path (file or directory name)

Other
    -z, --null            terminate values with NUL byte
    --name-only           show variable names only
    --includes            respect include directives on lookup


damian palumbo@DESKTOP-PNDLSLO MINGW64 ~
$ git config --global user.name "Damian"

damian palumbo@DESKTOP-PNDLSLO MINGW64 ~
$ git config --global user.name
Damian

damian palumbo@DESKTOP-PNDLSLO MINGW64 ~
$ git config --global user.name "Damian Palumbo"

damian palumbo@DESKTOP-PNDLSLO MINGW64 ~
$ git config --global user.name
Damian Palumbo

damian palumbo@DESKTOP-PNDLSLO MINGW64 ~
$ git config --global user.email "dami298715@gmail.com"

damian palumbo@DESKTOP-PNDLSLO MINGW64 ~
$ git config --global color.ui true

damian palumbo@DESKTOP-PNDLSLO MINGW64 ~
$ git config --global --list
gui.recentrepo=C:/Users/damian palumbo/repositorio git/git
user.name=Damian Palumbo
user.mail=dami298715@gmail.com
user.email=dami298715@gmail.com
color.ui=true

damian palumbo@DESKTOP-PNDLSLO MINGW64 ~
$ cd

damian palumbo@DESKTOP-PNDLSLO MINGW64 ~
$ ls
AppData/
asteroids/
aTubeCatcher/
Configuración local@
Contacts/
Cookies@
Datos de programa@
Desktop/
Documents/
Downloads/
Entorno de red@
Favorites/
Impresoras@
IntelGraphicsProfiles/
Links/
Menú Inicio@
Mis documentos@
Music/
NTUSER.DAT
ntuser.dat.LOG1
ntuser.dat.LOG2
NTUSER.DAT{d3809c0e-7f37-11e5-80c7-90b11c252ac3}.TM.blf
NTUSER.DAT{d3809c0e-7f37-11e5-80c7-90b11c252ac3}.TMContainer00000000000000000001.regtrans-ms
NTUSER.DAT{d3809c0e-7f37-11e5-80c7-90b11c252ac3}.TMContainer00000000000000000002.regtrans-ms
ntuser.ini
OneDrive/
Pictures/
Plantillas@
Reciente@
repositorio git/
Saved Games/
Searches/
SendTo@
Tracing/
Videos/

damian palumbo@DESKTOP-PNDLSLO MINGW64 ~
$ cd ..

damian palumbo@DESKTOP-PNDLSLO MINGW64 /c/Users
$ cd..
bash: cd..: command not found

damian palumbo@DESKTOP-PNDLSLO MINGW64 /c/Users
$ pwd
/c/Users

damian palumbo@DESKTOP-PNDLSLO MINGW64 /c/Users
$ ls
All Users@       damian%20palumbo/  Default User@  Public/
damian palumbo/  Default/           desktop.ini

damian palumbo@DESKTOP-PNDLSLO MINGW64 /c/Users
$ ls -a
./   All Users@       damian%20palumbo/  Default User@  Public/
../  damian palumbo/  Default/           desktop.ini

damian palumbo@DESKTOP-PNDLSLO MINGW64 /c/Users
$ d:
bash: d:: command not found

damian palumbo@DESKTOP-PNDLSLO MINGW64 /c/Users
$ cd /d
bash: cd: /d: No such file or directory

damian palumbo@DESKTOP-PNDLSLO MINGW64 /c/Users
$ cd d/
bash: cd: d/: No such file or directory

damian palumbo@DESKTOP-PNDLSLO MINGW64 /c/Users
$ cd /dD
bash: cd: /dD: No such file or directory

damian palumbo@DESKTOP-PNDLSLO MINGW64 /c/Users
$ cd /d/
bash: cd: /d/: No such file or directory

damian palumbo@DESKTOP-PNDLSLO MINGW64 /c/Users
$ /c
bash: /c: Is a directory

damian palumbo@DESKTOP-PNDLSLO MINGW64 /c/Users
$  cd /d/
bash: cd: /d/: No such file or directory

damian palumbo@DESKTOP-PNDLSLO MINGW64 /c/Users
$ cd /f/

damian palumbo@DESKTOP-PNDLSLO MINGW64 /f
$ ls
$RECYCLE.BIN/            country/              proyectos web 2016/
82121bd4d67d896f189c27/  itec/                 Recovery/
backup cel/              maquinas virtuales/   System Volume Information/
backup win 2015/         mp4/                  teclado/
backup win 2016/         msdownld.tmp/         Ubuntu/
Boot/                    musica/               Users/
bootmgr                  Program Files (x86)/  videos symfony/
BOOTNXT                  programas e iso/      visual basic/
BOOTSECT.BAK             programas itec/       VS_EXPBSLN_x64_enu.CAB
Config.Msi/              proyectos/            VS_EXPBSLN_x64_enu.MSI

damian palumbo@DESKTOP-PNDLSLO MINGW64 /f
$ cd /proyectos/
bash: cd: /proyectos/: No such file or directory

damian palumbo@DESKTOP-PNDLSLO MINGW64 /f
$ cd proyectos

damian palumbo@DESKTOP-PNDLSLO MINGW64 /f/proyectos
$ ls
practica GIT/

damian palumbo@DESKTOP-PNDLSLO MINGW64 /f/proyectos
$ cd practica\ GIT/

damian palumbo@DESKTOP-PNDLSLO MINGW64 /f/proyectos/practica GIT
$ cd..
bash: cd..: command not found

damian palumbo@DESKTOP-PNDLSLO MINGW64 /f/proyectos/practica GIT
$ cd ..

damian palumbo@DESKTOP-PNDLSLO MINGW64 /f/proyectos
$ pwd
/f/proyectos

damian palumbo@DESKTOP-PNDLSLO MINGW64 /f/proyectos
$ ls
practicaGIT/

damian palumbo@DESKTOP-PNDLSLO MINGW64 /f/proyectos
$ cd practicaGIT/

damian palumbo@DESKTOP-PNDLSLO MINGW64 /f/proyectos/practicaGIT
$ git init
Initialized empty Git repository in F:/proyectos/practicaGIT/.git/

damian palumbo@DESKTOP-PNDLSLO MINGW64 /f/proyectos/practicaGIT (master)
$
